self_test_contact_area: {"expected_area": 400.0, "measured_area": 400.0, "measured_by_axis": {"X": 400.0, "Y": 0.0, "Z": 0.0}, "measured_overlap": 0.0, "pairs_tested": 21, "seconds": 0.006, "status": "ok", "pass": true, "separated_measured_area": 0.0, "separated_pass": true}
[    0.1s] section fidelity: True {'rebuilt_volume': 3178.358451, 'vendor_volume': 3178.358451, 'delta_volume': 0.0, 'rebuilt_bbox': [0.0, 0.0, -17.5, 75.0, 7.5, 17.5], 'vendor_bbox': [0.0, -0.0, -17.5, 75.0, 7.5, 17.5], 'slots': 3, 'solids': 1, 'valid': True}
[    0.2s] socket datum: {'face_area_mm2': 81.934499, 'face_edges': 18, 'face_bbox': [-48.18, 92.901999, 9.9, -12.82, 92.901999, 17.7], 'XC': -30.5, 'Y0': 92.901999, 'ZB': 10.05, 'method': 'hole end-plane Y; hole bbox centre in X; hole bbox centre in Z minus the rail section bbox centre in its height axis'}
[    1.2s] junction: {'volume_after_channels': 43120.989883, 'volume_final': 42636.719817, 'solids': 1, 'valid': True, 'no_key_variant_solids': 1, 'no_key_variant_valid': True}
[    1.9s] parts: {"ClampFunctionalSource": [1, 20490.76], "PecaDuplaPlataformasOFICIAL": [1, 22762.88], "ClampFunctionalSourceB": [1, 20490.76], "PecaDuplaPlataformasOFICIALB": [1, 22762.88], "MontanteA": [1, 19070.15], "MontanteB": [1, 19070.15], "Travessa": [1, 25426.87], "JuncaoA": [1, 42636.72], "JuncaoB": [1, 42636.72], "ChavetaA": [1, 411.35], "ChavetaB": [1, 411.35], "ParafusoTravaV_A": [1, 56.55], "ParafusoTravaH_A": [1, 56.55], "ParafusoTravaV_B": [1, 56.55], "ParafusoTravaH_B": [1, 56.55]}
[    2.3s] pair JuncaoA <-> MontanteA contact overlap 0.0 gap 0.0 contact_area 3760.778087 {'X': 1450.180915, 'Y': 0.0, 'Z': 2310.597172} ok
[    2.7s] pair JuncaoA <-> Travessa contact overlap 0.0 gap 0.0 contact_area 3673.978093 {'X': 0.0, 'Y': 1450.180915, 'Z': 2223.797178} ok
[    3.2s] pair JuncaoB <-> MontanteB contact overlap 0.0 gap 0.0 contact_area 3760.778087 {'X': 1450.180915, 'Y': 0.0, 'Z': 2310.597172} ok
[    3.5s] pair JuncaoB <-> Travessa contact overlap 0.0 gap 0.0 contact_area 3673.978093 {'X': 0.0, 'Y': 1450.180915, 'Z': 2223.797178} ok
[    3.6s] pair ChavetaA <-> MontanteA contact overlap 0.0 gap 0.0 contact_area 16.8 {'X': 16.8, 'Y': 0.0, 'Z': 0.0} ok
[    3.7s] pair ChavetaB <-> MontanteB contact overlap 0.0 gap 0.0 contact_area 16.8 {'X': 16.8, 'Y': 0.0, 'Z': 0.0} ok
[    3.7s] pair ChavetaA <-> JuncaoA contact overlap 0.0 gap 0.0 contact_area 149.470705 {'X': 67.2, 'Y': 0.0, 'Z': 82.270705} ok
[    3.8s] pair ChavetaB <-> JuncaoB contact overlap 0.0 gap 0.0 contact_area 149.470705 {'X': 67.2, 'Y': 0.0, 'Z': 82.270705} ok
[    3.8s] pair ParafusoTravaV_A <-> MontanteA contact overlap 0.0 gap 0.0 contact_area 7.068583 {'X': 7.068583, 'Y': 0.0, 'Z': 0.0} ok
[    3.8s] pair ParafusoTravaH_A <-> Travessa contact overlap 0.0 gap 0.0 contact_area 7.068583 {'X': 0.0, 'Y': 7.068583, 'Z': 0.0} ok
[    3.8s] pair ParafusoTravaV_B <-> MontanteB contact overlap 0.0 gap 0.0 contact_area 7.068583 {'X': 7.068583, 'Y': 0.0, 'Z': 0.0} ok
[    3.8s] pair ParafusoTravaH_B <-> Travessa contact overlap 0.0 gap 0.0 contact_area 7.068583 {'X': 0.0, 'Y': 7.068583, 'Z': 0.0} ok
[    9.2s] pair ClampFunctionalSource <-> PecaDuplaPlataformasOFICIAL contact overlap 0.0 gap 0.0 contact_area 1340.268314 {'X': 473.024248, 'Y': 867.244066, 'Z': 0.0} ok
[   19.0s] pair ClampFunctionalSourceB <-> PecaDuplaPlataformasOFICIALB contact overlap 0.0 gap 0.0 contact_area 1340.268314 {'X': 473.024248, 'Y': 867.244066, 'Z': 0.0} ok
[   19.2s] pair MontanteA <-> PecaDuplaPlataformasOFICIAL contact overlap 0.0 gap 0.0 contact_area 45.768141 {'X': 0.0, 'Y': 45.768141, 'Z': 0.0} ok
[   19.8s] pair MontanteB <-> PecaDuplaPlataformasOFICIALB contact overlap 0.0 gap 0.0 contact_area 45.768141 {'X': 0.0, 'Y': 45.768141, 'Z': 0.0} ok
[   19.8s] pair ParafusoTravaV_A <-> JuncaoA clearance overlap 0.0 gap 0.2 contact_area 0.0 {'X': 0.0, 'Y': 0.0, 'Z': 0.0} ok
[   19.8s] pair ParafusoTravaH_A <-> JuncaoA clearance overlap 0.0 gap 0.2 contact_area 0.0 {'X': 0.0, 'Y': 0.0, 'Z': 0.0} ok
[   19.9s] pair MontanteA <-> Travessa none overlap 0.0 gap 2.45 contact_area 0.0 {'X': 0.0, 'Y': 0.0, 'Z': 0.0} ok
[   19.9s] pair JuncaoA <-> MontanteB none overlap 0.0 gap 361.0 contact_area 0.0 {'X': 0.0, 'Y': 0.0, 'Z': 0.0} ok
[   21.0s] pair JuncaoA <-> ClampFunctionalSource none overlap 0.0 gap 366.901001 contact_area 0.0 {'X': 0.0, 'Y': 0.0, 'Z': 0.0} ok
[   21.1s] pair JuncaoA <-> PecaDuplaPlataformasOFICIAL none overlap 0.0 gap 326.500001 contact_area 0.0 {'X': 0.0, 'Y': 0.0, 'Z': 0.0} ok
[   21.1s] socket diagnostic: {'upright_end_face_area_mm2': 45.768141, 'upright_end_face_Y': 92.901999, 'socket_end_face_area_mm2': 81.934499, 'socket_end_face_Y': 92.901998901, 'end_face_common_area_mm2': 45.768141, 'pair_contact_area_mm2': 45.768141, 'pair_contact_by_axis': {'X': 0.0, 'Y': 45.768141, 'Z': 0.0}, 'min_gap_mm': 0.0, 'overlap_mm3': 0.0}
[   21.1s] gates pairs: True True True True
[   24.0s] gates kinematics: sliding_free True transversal_restraint True rotation_blocked True key_positive_stop True
FreeCAD 1.1.1, Libs: 1.1.1R20260414 (Git shallow)
(C) 2001-2026 FreeCAD contributors
FreeCAD is free and open-source software licensed under the terms of LGPL2+ license.

Recompute......
						(6 %)	
						(13 %)	
						(20 %)	
						(26 %)	
						(33 %)	
						(40 %)	
						(46 %)	
						(53 %)	
						(60 %)	
						(66 %)	
						(73 %)	
						(80 %)	
						(86 %)	
						(93 %)	
						(100 %)	
								
[32;1m
*******************************************************************
******        Statistics on Transfer (Write)                 ******[0m
[32;1m
*******************************************************************
******        Transfer Mode = 0  I.E.  As Is       ******[0m
[32;1m******        Transferring Shape, ShapeType = 0                      ******[0m
[32;1m** WorkSession : Sending all data[0m
[32;1m Step File Name : /home/<usuario>/tcc-pnaat/github/cad-workspace/portico-montantes-20260911T063439Z/exports/portico-montantes.step(140729 ents)  Write  Done[0m
[   24.8s] exports: {'step': '/home/<usuario>/tcc-pnaat/github/cad-workspace/portico-montantes-20260911T063439Z/exports/portico-montantes.step', 'step_bytes': 7341973, 'fcstd': '/home/<usuario>/tcc-pnaat/github/cad-workspace/portico-montantes-20260911T063439Z/exports/portico-montantes.FCStd', 'fcstd_bytes': 1706510, 'objects': 15}
[   24.8s] ALL GEOMETRIC GATES: True
{
  "section_fidelity": true,
  "parts_single_valid_solid": true,
  "zero_interference": true,
  "face_contact_on_declared_pairs": true,
  "declared_clearances_not_touching": true,
  "no_contact_pairs_really_clear": true,
  "sliding_free": true,
  "transversal_restraint": true,
  "rotation_blocked": true,
  "key_positive_stop": true,
  "all_geometric_gates_pass": true
}
